Tue Sep 15 05:10:14 UTC 2026 - TBH update
Wed Sep 16 05:05:48 UTC 2026 - TBH update
Thu Sep 17 05:08:27 UTC 2026 - TBH update
Fri Sep 18 05:01:47 UTC 2026 - TBH update
Sat Sep 19 04:53:41 UTC 2026 - TBH update
Sun Sep 20 05:14:38 UTC 2026 - TBH update
Mon Sep 21 05:18:01 UTC 2026 - TBH update
Tue Sep 22 05:16:07 UTC 2026 - TBH update
Wed Sep 23 05:01:10 UTC 2026 - TBH update
Thu Sep 24 05:12:16 UTC 2026 - TBH update
Fri Sep 25 05:14:19 UTC 2026 - TBH update
Sat Sep 26 05:19:04 UTC 2026 - TBH update
Sun Sep 27 05:36:14 UTC 2026 - TBH update
Mon Sep 28 05:43:48 UTC 2026 - TBH update
Tue Sep 29 06:00:59 UTC 2026 - TBH update
Wed Sep 30 05:50:21 UTC 2026 - TBH update
Thu Oct  1 06:23:38 UTC 2026 - TBH update
Fri Oct  2 06:00:48 UTC 2026 - TBH update
Sat Oct  3 05:36:37 UTC 2026 - TBH update
Sun Oct  4 06:11:52 UTC 2026 - TBH update
Mon Oct  5 06:04:17 UTC 2026 - TBH update
